<?xml version="1.0" encoding="UTF-8"?>
<testsuites name="jest tests" tests="10" failures="0" errors="0" time="3.169">
  <testsuite name="sum function" errors="0" failures="0" skipped="0" timestamp="2024-06-09T06:23:05" time="2.265" tests="10">
    <testcase classname="sum function should return the correct sum for test case 1" name="sum function should return the correct sum for test case 1" time="0.004">
    </testcase>
    <testcase classname="sum function should return the correct sum for test case 2" name="sum function should return the correct sum for test case 2" time="0">
    </testcase>
    <testcase classname="sum function should return the correct sum for test case 3" name="sum function should return the correct sum for test case 3" time="0">
    </testcase>
    <testcase classname="sum function should return the correct sum for test case 4" name="sum function should return the correct sum for test case 4" time="0">
    </testcase>
    <testcase classname="sum function should return the correct sum for test case 5" name="sum function should return the correct sum for test case 5" time="0.006">
    </testcase>
    <testcase classname="sum string should return the correct string 1" name="sum string should return the correct string 1" time="0">
    </testcase>
    <testcase classname="sum string should return the correct string 2" name="sum string should return the correct string 2" time="0">
    </testcase>
    <testcase classname="sum string should return the correct string 3" name="sum string should return the correct string 3" time="0.001">
    </testcase>
    <testcase classname="sum string should return the correct string 4" name="sum string should return the correct string 4" time="0">
    </testcase>
    <testcase classname="sum string should return the correct string 5" name="sum string should return the correct string 5" time="0">
    </testcase>
  </testsuite>
</testsuites>